// Jest Snapshot v1, https://goo.gl/fbAQLP

exports[`InfoText renders correctly 1`] = `
<span
  className="Typostyled__StyledInfoTypo-sc-1o9a6sy-0 fxZwjU"
  color="grey4"
  fontSize="xxs"
/>
`;
