// Jest Snapshot v1, https://goo.gl/fbAQLP

exports[`<Label> Atom renders correctly 1`] = `
<label
  htmlFor="filed-1"
>
  A label
</label>
`;
