// Jest Snapshot v1, https://goo.gl/fbAQLP

exports[`Divider renders correctly 1`] = `
<hr
  className="Divider__StyledHR-sc-40hr1c-0 guSWuT"
  color="primary"
/>
`;
